C:/Users/user/Desktop/Pythan_test/Src/main.c:89:6:SystemInit	4	static
C:/Users/user/Desktop/Pythan_test/Src/main.c:112:5:main	16	static
C:/Users/user/Desktop/Pythan_test/Src/main.c:139:13:delay_cycles	16	static,ignoring_inline_asm
C:/Users/user/Desktop/Pythan_test/Src/main.c:146:13:gpio_init	4	static
C:/Users/user/Desktop/Pythan_test/Src/main.c:162:13:adc1_init	8	static
C:/Users/user/Desktop/Pythan_test/Src/main.c:188:17:adc1_read_channel0	4	static
C:/Users/user/Desktop/Pythan_test/Src/main.c:199:13:usart2_init	4	static
C:/Users/user/Desktop/Pythan_test/Src/main.c:207:13:usart2_write_char	16	static
C:/Users/user/Desktop/Pythan_test/Src/main.c:215:13:usart2_write_string	16	static
C:/Users/user/Desktop/Pythan_test/Src/main.c:222:13:usart2_write_u32	32	static
