C:/Users/user/Desktop/Blocking_test/Src/main.c:144:13:EnableIrq	4	static,ignoring_inline_asm
C:/Users/user/Desktop/Blocking_test/Src/main.c:149:17:SaveAndDisableIrq	16	static,ignoring_inline_asm
C:/Users/user/Desktop/Blocking_test/Src/main.c:159:13:RestoreIrq	16	static,ignoring_inline_asm
C:/Users/user/Desktop/Blocking_test/Src/main.c:167:13:WaitForInterrupt	4	static,ignoring_inline_asm
C:/Users/user/Desktop/Blocking_test/Src/main.c:172:13:NVIC_EnableIRQ	16	static
C:/Users/user/Desktop/Blocking_test/Src/main.c:177:17:StringLength	24	static
C:/Users/user/Desktop/Blocking_test/Src/main.c:189:13:LedOn	4	static
C:/Users/user/Desktop/Blocking_test/Src/main.c:198:13:LedOff	4	static
C:/Users/user/Desktop/Blocking_test/Src/main.c:207:13:UartStartTx	16	static
C:/Users/user/Desktop/Blocking_test/Src/main.c:227:13:UartWriteAsync	24	static
C:/Users/user/Desktop/Blocking_test/Src/main.c:236:13:UartWriteAsyncFromIsr	16	static
C:/Users/user/Desktop/Blocking_test/Src/main.c:241:13:StartSerialSequence	8	static
C:/Users/user/Desktop/Blocking_test/Src/main.c:248:13:DelayMs	24	static
C:/Users/user/Desktop/Blocking_test/Src/main.c:258:13:GPIO_Init	8	static
C:/Users/user/Desktop/Blocking_test/Src/main.c:279:13:USART2_Init	8	static
C:/Users/user/Desktop/Blocking_test/Src/main.c:290:13:TIM2_Init	8	static
C:/Users/user/Desktop/Blocking_test/Src/main.c:305:13:HardwareInit	8	static
C:/Users/user/Desktop/Blocking_test/Src/main.c:313:6:SystemInit	4	static
C:/Users/user/Desktop/Blocking_test/Src/main.c:317:5:main	8	static
C:/Users/user/Desktop/Blocking_test/Src/main.c:334:6:TIM2_IRQHandler	8	static
C:/Users/user/Desktop/Blocking_test/Src/main.c:350:6:USART2_IRQHandler	16	static
