C:/Users/user/Desktop/Interupt_test/Src/main.c:134:6:SystemInit	4	static
C:/Users/user/Desktop/Interupt_test/Src/main.c:139:5:main	16	static
C:/Users/user/Desktop/Interupt_test/Src/main.c:242:13:gpio_init	4	static
C:/Users/user/Desktop/Interupt_test/Src/main.c:281:13:usart2_init	4	static
C:/Users/user/Desktop/Interupt_test/Src/main.c:290:13:systick_init	4	static
C:/Users/user/Desktop/Interupt_test/Src/main.c:297:13:exti_button_init	4	static
C:/Users/user/Desktop/Interupt_test/Src/main.c:309:13:oled_i2c_delay	8	static
C:/Users/user/Desktop/Interupt_test/Src/main.c:314:13:oled_scl_high	4	static
C:/Users/user/Desktop/Interupt_test/Src/main.c:319:13:oled_scl_low	4	static
C:/Users/user/Desktop/Interupt_test/Src/main.c:324:13:oled_sda_high	4	static
C:/Users/user/Desktop/Interupt_test/Src/main.c:329:13:oled_sda_low	4	static
C:/Users/user/Desktop/Interupt_test/Src/main.c:334:13:oled_i2c_start	8	static
C:/Users/user/Desktop/Interupt_test/Src/main.c:344:13:oled_i2c_stop	8	static
C:/Users/user/Desktop/Interupt_test/Src/main.c:354:13:oled_i2c_write	24	static
C:/Users/user/Desktop/Interupt_test/Src/main.c:382:13:oled_write_command	16	static
C:/Users/user/Desktop/Interupt_test/Src/main.c:391:13:oled_write_data	16	static
C:/Users/user/Desktop/Interupt_test/Src/main.c:400:13:oled_set_position	16	static
C:/Users/user/Desktop/Interupt_test/Src/main.c:407:16:oled_go_font	24	static
C:/Users/user/Desktop/Interupt_test/Src/main.c:426:16:oled_small_font	24	static
C:/Users/user/Desktop/Interupt_test/Src/main.c:485:16:oled_text_pixel	32	static
C:/Users/user/Desktop/Interupt_test/Src/main.c:533:13:oled_init	8	static
C:/Users/user/Desktop/Interupt_test/Src/main.c:564:13:oled_clear	16	static
C:/Users/user/Desktop/Interupt_test/Src/main.c:576:13:oled_draw_text	32	static
C:/Users/user/Desktop/Interupt_test/Src/main.c:600:13:oled_show_ready	16	static
C:/Users/user/Desktop/Interupt_test/Src/main.c:606:13:oled_show_go	16	static
C:/Users/user/Desktop/Interupt_test/Src/main.c:612:13:oled_show_success	16	static
C:/Users/user/Desktop/Interupt_test/Src/main.c:618:13:oled_show_fail	16	static
C:/Users/user/Desktop/Interupt_test/Src/main.c:624:13:usart2_write_char	16	static
C:/Users/user/Desktop/Interupt_test/Src/main.c:633:13:usart2_write_string	16	static
C:/Users/user/Desktop/Interupt_test/Src/main.c:641:13:usart2_write_uint	32	static
C:/Users/user/Desktop/Interupt_test/Src/main.c:664:13:usart2_write_time_ms	24	static
C:/Users/user/Desktop/Interupt_test/Src/main.c:676:13:delay_ms	24	static
C:/Users/user/Desktop/Interupt_test/Src/main.c:685:13:delay_us	24	static
C:/Users/user/Desktop/Interupt_test/Src/main.c:692:17:get_random_delay_ms	4	static
C:/Users/user/Desktop/Interupt_test/Src/main.c:702:13:countdown_led_on	16	static
C:/Users/user/Desktop/Interupt_test/Src/main.c:707:13:countdown_led_off	16	static
C:/Users/user/Desktop/Interupt_test/Src/main.c:712:13:countdown_leds_off	8	static
C:/Users/user/Desktop/Interupt_test/Src/main.c:719:13:go_led_on	4	static
C:/Users/user/Desktop/Interupt_test/Src/main.c:724:13:go_led_off	4	static
C:/Users/user/Desktop/Interupt_test/Src/main.c:729:13:buzzer_on	4	static
C:/Users/user/Desktop/Interupt_test/Src/main.c:734:13:buzzer_off	4	static
C:/Users/user/Desktop/Interupt_test/Src/main.c:739:13:play_tone	32	static
C:/Users/user/Desktop/Interupt_test/Src/main.c:765:13:play_success_song	16	static
C:/Users/user/Desktop/Interupt_test/Src/main.c:783:13:play_fail_sound	16	static
C:/Users/user/Desktop/Interupt_test/Src/main.c:797:13:all_leds_on	8	static
C:/Users/user/Desktop/Interupt_test/Src/main.c:805:13:all_leds_off	8	static
C:/Users/user/Desktop/Interupt_test/Src/main.c:812:13:success_animation	16	static
C:/Users/user/Desktop/Interupt_test/Src/main.c:832:13:fail_animation	8	static
C:/Users/user/Desktop/Interupt_test/Src/main.c:839:6:SysTick_Handler	4	static
C:/Users/user/Desktop/Interupt_test/Src/main.c:844:6:EXTI15_10_IRQHandler	16	static
C:/Users/user/Desktop/Interupt_test/Src/main.c:875:5:__io_putchar	16	static
