Archive member included to satisfy reference by file (symbol)

C:/Users/user/AppData/Local/stm32cube/bundles/gnu-tools-for-stm32/14.3.1+st.2/bin/../lib/gcc/arm-none-eabi/14.3.1/../../../../arm-none-eabi/lib/thumb/v7-m/nofp\libc.a(libc_a-exit.o)
                              C:/Users/user/AppData/Local/stm32cube/bundles/gnu-tools-for-stm32/14.3.1+st.2/bin/../lib/gcc/arm-none-eabi/14.3.1/../../../../arm-none-eabi/lib/thumb/v7-m/nofp/crt0.o (exit)
C:/Users/user/AppData/Local/stm32cube/bundles/gnu-tools-for-stm32/14.3.1+st.2/bin/../lib/gcc/arm-none-eabi/14.3.1/../../../../arm-none-eabi/lib/thumb/v7-m/nofp\libc.a(libc_a-findfp.o)
                              C:/Users/user/AppData/Local/stm32cube/bundles/gnu-tools-for-stm32/14.3.1+st.2/bin/../lib/gcc/arm-none-eabi/14.3.1/../../../../arm-none-eabi/lib/thumb/v7-m/nofp\libc.a(libc_a-exit.o) (__stdio_exit_handler)
C:/Users/user/AppData/Local/stm32cube/bundles/gnu-tools-for-stm32/14.3.1+st.2/bin/../lib/gcc/arm-none-eabi/14.3.1/../../../../arm-none-eabi/lib/thumb/v7-m/nofp\libc.a(libc_a-fwalk.o)
                              C:/Users/user/AppData/Local/stm32cube/bundles/gnu-tools-for-stm32/14.3.1+st.2/bin/../lib/gcc/arm-none-eabi/14.3.1/../../../../arm-none-eabi/lib/thumb/v7-m/nofp\libc.a(libc_a-findfp.o) (_fwalk_sglue)
C:/Users/user/AppData/Local/stm32cube/bundles/gnu-tools-for-stm32/14.3.1+st.2/bin/../lib/gcc/arm-none-eabi/14.3.1/../../../../arm-none-eabi/lib/thumb/v7-m/nofp\libc.a(libc_a-stdio.o)
                              C:/Users/user/AppData/Local/stm32cube/bundles/gnu-tools-for-stm32/14.3.1+st.2/bin/../lib/gcc/arm-none-eabi/14.3.1/../../../../arm-none-eabi/lib/thumb/v7-m/nofp\libc.a(libc_a-findfp.o) (__sread)
C:/Users/user/AppData/Local/stm32cube/bundles/gnu-tools-for-stm32/14.3.1+st.2/bin/../lib/gcc/arm-none-eabi/14.3.1/../../../../arm-none-eabi/lib/thumb/v7-m/nofp\libc.a(libc_a-memset.o)
                              C:/Users/user/AppData/Local/stm32cube/bundles/gnu-tools-for-stm32/14.3.1+st.2/bin/../lib/gcc/arm-none-eabi/14.3.1/../../../../arm-none-eabi/lib/thumb/v7-m/nofp/crt0.o (memset)
C:/Users/user/AppData/Local/stm32cube/bundles/gnu-tools-for-stm32/14.3.1+st.2/bin/../lib/gcc/arm-none-eabi/14.3.1/../../../../arm-none-eabi/lib/thumb/v7-m/nofp\libc.a(libc_a-closer.o)
                              C:/Users/user/AppData/Local/stm32cube/bundles/gnu-tools-for-stm32/14.3.1+st.2/bin/../lib/gcc/arm-none-eabi/14.3.1/../../../../arm-none-eabi/lib/thumb/v7-m/nofp\libc.a(libc_a-stdio.o) (_close_r)
C:/Users/user/AppData/Local/stm32cube/bundles/gnu-tools-for-stm32/14.3.1+st.2/bin/../lib/gcc/arm-none-eabi/14.3.1/../../../../arm-none-eabi/lib/thumb/v7-m/nofp\libc.a(libc_a-reent.o)
                              C:/Users/user/AppData/Local/stm32cube/bundles/gnu-tools-for-stm32/14.3.1+st.2/bin/../lib/gcc/arm-none-eabi/14.3.1/../../../../arm-none-eabi/lib/thumb/v7-m/nofp\libc.a(libc_a-closer.o) (errno)
C:/Users/user/AppData/Local/stm32cube/bundles/gnu-tools-for-stm32/14.3.1+st.2/bin/../lib/gcc/arm-none-eabi/14.3.1/../../../../arm-none-eabi/lib/thumb/v7-m/nofp\libc.a(libc_a-impure.o)
                              C:/Users/user/AppData/Local/stm32cube/bundles/gnu-tools-for-stm32/14.3.1+st.2/bin/../lib/gcc/arm-none-eabi/14.3.1/../../../../arm-none-eabi/lib/thumb/v7-m/nofp\libc.a(libc_a-reent.o) (_impure_ptr)
C:/Users/user/AppData/Local/stm32cube/bundles/gnu-tools-for-stm32/14.3.1+st.2/bin/../lib/gcc/arm-none-eabi/14.3.1/../../../../arm-none-eabi/lib/thumb/v7-m/nofp\libc.a(libc_a-lseekr.o)
                              C:/Users/user/AppData/Local/stm32cube/bundles/gnu-tools-for-stm32/14.3.1+st.2/bin/../lib/gcc/arm-none-eabi/14.3.1/../../../../arm-none-eabi/lib/thumb/v7-m/nofp\libc.a(libc_a-stdio.o) (_lseek_r)
C:/Users/user/AppData/Local/stm32cube/bundles/gnu-tools-for-stm32/14.3.1+st.2/bin/../lib/gcc/arm-none-eabi/14.3.1/../../../../arm-none-eabi/lib/thumb/v7-m/nofp\libc.a(libc_a-readr.o)
                              C:/Users/user/AppData/Local/stm32cube/bundles/gnu-tools-for-stm32/14.3.1+st.2/bin/../lib/gcc/arm-none-eabi/14.3.1/../../../../arm-none-eabi/lib/thumb/v7-m/nofp\libc.a(libc_a-stdio.o) (_read_r)
C:/Users/user/AppData/Local/stm32cube/bundles/gnu-tools-for-stm32/14.3.1+st.2/bin/../lib/gcc/arm-none-eabi/14.3.1/../../../../arm-none-eabi/lib/thumb/v7-m/nofp\libc.a(libc_a-writer.o)
                              C:/Users/user/AppData/Local/stm32cube/bundles/gnu-tools-for-stm32/14.3.1+st.2/bin/../lib/gcc/arm-none-eabi/14.3.1/../../../../arm-none-eabi/lib/thumb/v7-m/nofp\libc.a(libc_a-stdio.o) (_write_r)
C:/Users/user/AppData/Local/stm32cube/bundles/gnu-tools-for-stm32/14.3.1+st.2/bin/../lib/gcc/arm-none-eabi/14.3.1/../../../../arm-none-eabi/lib/thumb/v7-m/nofp\libc.a(libc_a-init.o)
                              C:/Users/user/AppData/Local/stm32cube/bundles/gnu-tools-for-stm32/14.3.1+st.2/bin/../lib/gcc/arm-none-eabi/14.3.1/../../../../arm-none-eabi/lib/thumb/v7-m/nofp/crt0.o (__libc_init_array)
[...]
Memory Configuration

Name             Origin             Length             Attributes
RAM              0x20000000         0x00005000         xrw
FLASH            0x08000000         0x00020000         xr
*default*        0x00000000         0xffffffff

Linker script and memory map

LOAD C:/Users/user/AppData/Local/stm32cube/bundles/gnu-tools-for-stm32/14.3.1+st.2/bin/../lib/gcc/arm-none-eabi/14.3.1/thumb/v7-m/nofp/crti.o
LOAD C:/Users/user/AppData/Local/stm32cube/bundles/gnu-tools-for-stm32/14.3.1+st.2/bin/../lib/gcc/arm-none-eabi/14.3.1/thumb/v7-m/nofp/crtbegin.o
LOAD C:/Users/user/AppData/Local/stm32cube/bundles/gnu-tools-for-stm32/14.3.1+st.2/bin/../lib/gcc/arm-none-eabi/14.3.1/../../../../arm-none-eabi/lib/thumb/v7-m/nofp/crt0.o
START GROUP
LOAD C:/Users/user/AppData/Local/stm32cube/bundles/gnu-tools-for-stm32/14.3.1+st.2/bin/../lib/gcc/arm-none-eabi/14.3.1/../../../../arm-none-eabi/lib/thumb/v7-m/nofp\libc.a
LOAD C:/Users/user/AppData/Local/stm32cube/bundles/gnu-tools-for-stm32/14.3.1+st.2/bin/../lib/gcc/arm-none-eabi/14.3.1/../../../../arm-none-eabi/lib/thumb/v7-m/nofp\libm.a
LOAD C:/Users/user/AppData/Local/stm32cube/bundles/gnu-tools-for-stm32/14.3.1+st.2/bin/../lib/gcc/arm-none-eabi/14.3.1/../../../../arm-none-eabi/lib/thumb/v7-m/nofp\libstdc++.a
LOAD C:/Users/user/AppData/Local/stm32cube/bundles/gnu-tools-for-stm32/14.3.1+st.2/bin/../lib/gcc/arm-none-eabi/14.3.1/../../../../arm-none-eabi/lib/thumb/v7-m/nofp\libsupc++.a
END GROUP
LOAD CMakeFiles/Interupt_test.dir/Src/main.c.obj
LOAD CMakeFiles/Interupt_test.dir/Src/syscall.c.obj
LOAD CMakeFiles/Interupt_test.dir/Src/sysmem.c.obj
LOAD CMakeFiles/Interupt_test.dir/Src/startup_stm32f103xx.S.obj
START GROUP
LOAD C:/Users/user/AppData/Local/stm32cube/bundles/gnu-tools-for-stm32/14.3.1+st.2/bin/../lib/gcc/arm-none-eabi/14.3.1/thumb/v7-m/nofp\libgcc.a
LOAD C:/Users/user/AppData/Local/stm32cube/bundles/gnu-tools-for-stm32/14.3.1+st.2/bin/../lib/gcc/arm-none-eabi/14.3.1/../../../../arm-none-eabi/lib/thumb/v7-m/nofp\libg.a
LOAD C:/Users/user/AppData/Local/stm32cube/bundles/gnu-tools-for-stm32/14.3.1+st.2/bin/../lib/gcc/arm-none-eabi/14.3.1/../../../../arm-none-eabi/lib/thumb/v7-m/nofp\libc.a
END GROUP
START GROUP
LOAD C:/Users/user/AppData/Local/stm32cube/bundles/gnu-tools-for-stm32/14.3.1+st.2/bin/../lib/gcc/arm-none-eabi/14.3.1/thumb/v7-m/nofp\libgcc.a
LOAD C:/Users/user/AppData/Local/stm32cube/bundles/gnu-tools-for-stm32/14.3.1+st.2/bin/../lib/gcc/arm-none-eabi/14.3.1/../../../../arm-none-eabi/lib/thumb/v7-m/nofp\libc.a
LOAD C:/Users/user/AppData/Local/stm32cube/bundles/gnu-tools-for-stm32/14.3.1+st.2/bin/../lib/gcc/arm-none-eabi/14.3.1/../../../../arm-none-eabi/lib/thumb/v7-m/nofp\libnosys.a
END GROUP
LOAD C:/Users/user/AppData/Local/stm32cube/bundles/gnu-tools-for-stm32/14.3.1+st.2/bin/../lib/gcc/arm-none-eabi/14.3.1/thumb/v7-m/nofp/crtend.o
LOAD C:/Users/user/AppData/Local/stm32cube/bundles/gnu-tools-for-stm32/14.3.1+st.2/bin/../lib/gcc/arm-none-eabi/14.3.1/thumb/v7-m/nofp/crtn.o
                0x20005000                        _estack = (ORIGIN (RAM) + LENGTH (RAM))
                0x00000200                        _Min_Heap_Size = 0x200
                0x00000400                        _Min_Stack_Size = 0x400

.isr_vector     0x08000000      0x130
                0x08000000                        . = ALIGN (0x4)
 *(.isr_vector)
 .isr_vector    0x08000000      0x130 CMakeFiles/Interupt_test.dir/Src/startup_stm32f103xx.S.obj
                0x08000000                g_pfnVectors
                0x08000130                        . = ALIGN (0x4)

.text           0x08000130     0x117c
                0x08000130                        . = ALIGN (0x4)
 *(.text)
 .text          0x08000130       0x40 C:/Users/user/AppData/Local/stm32cube/bundles/gnu-tools-for-stm32/14.3.1+st.2/bin/../lib/gcc/arm-none-eabi/14.3.1/thumb/v7-m/nofp/crtbegin.o
 *(.text*)
 .text.__libc_init_array
                0x08000170       0x50 C:/Users/user/AppData/Local/stm32cube/bundles/gnu-tools-for-stm32/14.3.1+st.2/bin/../lib/gcc/arm-none-eabi/14.3.1/../../../../arm-none-eabi/lib/thumb/v7-m/nofp\libc.a(libc_a-init.o)
                0x08000170                __libc_init_array
 .text.__retarget_lock_acquire_recursive
                0x080001c0        0x4 C:/Users/user/AppData/Local/stm32cube/bundles/gnu-tools-for-stm32/14.3.1+st.2/bin/../lib/gcc/arm-none-eabi/14.3.1/../../../../arm-none-eabi/lib/thumb/v7-m/nofp\libc.a(libc_a-lock.o)
                0x080001c0                __retarget_lock_acquire_recursive
 .text.__retarget_lock_release_recursive
                0x080001c4        0x4 C:/Users/user/AppData/Local/stm32cube/bundles/gnu-tools-for-stm32/14.3.1+st.2/bin/../lib/gcc/arm-none-eabi/14.3.1/../../../../arm-none-eabi/lib/thumb/v7-m/nofp\libc.a(libc_a-lock.o)
                0x080001c4                __retarget_lock_release_recursive
 .text.startup.register_fini
                0x080001c8       0x14 C:/Users/user/AppData/Local/stm32cube/bundles/gnu-tools-for-stm32/14.3.1+st.2/bin/../lib/gcc/arm-none-eabi/14.3.1/../../../../arm-none-eabi/lib/thumb/v7-m/nofp\libc.a(libc_a-__call_atexit.o)
 .text.atexit   0x080001dc        0xc C:/Users/user/AppData/Local/stm32cube/bundles/gnu-tools-for-stm32/14.3.1+st.2/bin/../lib/gcc/arm-none-eabi/14.3.1/../../../../arm-none-eabi/lib/thumb/v7-m/nofp\libc.a(libc_a-atexit.o)
                0x080001dc                atexit
 .text.__libc_fini_array
                0x080001e8       0x28 C:/Users/user/AppData/Local/stm32cube/bundles/gnu-tools-for-stm32/14.3.1+st.2/bin/../lib/gcc/arm-none-eabi/14.3.1/../../../../arm-none-eabi/lib/thumb/v7-m/nofp\libc.a(libc_a-fini.o)
                0x080001e8                __libc_fini_array
 .text.__register_exitproc
                0x08000210       0x80 C:/Users/user/AppData/Local/stm32cube/bundles/gnu-tools-for-stm32/14.3.1+st.2/bin/../lib/gcc/arm-none-eabi/14.3.1/../../../../arm-none-eabi/lib/thumb/v7-m/nofp\libc.a(libc_a-__atexit.o)
                0x08000210                __register_exitproc
 .text.SystemInit
                0x08000290        0xc CMakeFiles/Interupt_test.dir/Src/main.c.obj
                0x08000290                SystemInit
 .text.main     0x0800029c      0x1dc CMakeFiles/Interupt_test.dir/Src/main.c.obj
                0x0800029c                main
 .text.gpio_init
                0x08000478       0xec CMakeFiles/Interupt_test.dir/Src/main.c.obj
 .text.usart2_init
                0x08000564       0x3c CMakeFiles/Interupt_test.dir/Src/main.c.obj
 .text.systick_init
                0x080005a0       0x2c CMakeFiles/Interupt_test.dir/Src/main.c.obj
 .text.exti_button_init
                0x080005cc       0x60 CMakeFiles/Interupt_test.dir/Src/main.c.obj
 .text.oled_i2c_delay
                0x0800062c        0xe CMakeFiles/Interupt_test.dir/Src/main.c.obj
 *fill*         0x0800063a        0x2 
 .text.oled_scl_high
                0x0800063c       0x18 CMakeFiles/Interupt_test.dir/Src/main.c.obj
 .text.oled_scl_low
                0x08000654       0x18 CMakeFiles/Interupt_test.dir/Src/main.c.obj
 .text.oled_sda_high
                0x0800066c       0x18 CMakeFiles/Interupt_test.dir/Src/main.c.obj
 .text.oled_sda_low
                0x08000684       0x18 CMakeFiles/Interupt_test.dir/Src/main.c.obj
 .text.oled_i2c_start
                0x0800069c       0x20 CMakeFiles/Interupt_test.dir/Src/main.c.obj
 .text.oled_i2c_stop
                0x080006bc       0x20 CMakeFiles/Interupt_test.dir/Src/main.c.obj
 .text.oled_i2c_write
                0x080006dc       0x60 CMakeFiles/Interupt_test.dir/Src/main.c.obj
 .text.oled_write_command
                0x0800073c       0x2e CMakeFiles/Interupt_test.dir/Src/main.c.obj
 .text.oled_write_data
                0x0800076a       0x2e CMakeFiles/Interupt_test.dir/Src/main.c.obj
 .text.oled_set_position
                0x08000798       0x46 CMakeFiles/Interupt_test.dir/Src/main.c.obj
 *fill*         0x080007de        0x2 
 .text.oled_go_font
                0x080007e0       0x60 CMakeFiles/Interupt_test.dir/Src/main.c.obj
 .text.oled_small_font
                0x08000840       0xe0 CMakeFiles/Interupt_test.dir/Src/main.c.obj
 .text.oled_text_pixel
                0x08000920      0x174 CMakeFiles/Interupt_test.dir/Src/main.c.obj
 .text.oled_init
                0x08000a94       0xa4 CMakeFiles/Interupt_test.dir/Src/main.c.obj
 .text.oled_clear
                0x08000b38       0x46 CMakeFiles/Interupt_test.dir/Src/main.c.obj
 .text.oled_draw_text
                0x08000b7e       0xaa CMakeFiles/Interupt_test.dir/Src/main.c.obj
 .text.oled_show_ready
                0x08000c28       0x2c CMakeFiles/Interupt_test.dir/Src/main.c.obj
 .text.oled_show_go
                0x08000c54       0x30 CMakeFiles/Interupt_test.dir/Src/main.c.obj
 .text.oled_show_success
                0x08000c84       0x34 CMakeFiles/Interupt_test.dir/Src/main.c.obj
 .text.oled_show_fail
                0x08000cb8       0x24 CMakeFiles/Interupt_test.dir/Src/main.c.obj
 .text.usart2_write_char
                0x08000cdc       0x30 CMakeFiles/Interupt_test.dir/Src/main.c.obj
 .text.usart2_write_string
                0x08000d0c       0x2a CMakeFiles/Interupt_test.dir/Src/main.c.obj
 *fill*         0x08000d36        0x2 
 .text.usart2_write_uint
                0x08000d38       0x7c CMakeFiles/Interupt_test.dir/Src/main.c.obj
 .text.usart2_write_time_ms
                0x08000db4       0xa8 CMakeFiles/Interupt_test.dir/Src/main.c.obj
 .text.delay_ms
                0x08000e5c       0x30 CMakeFiles/Interupt_test.dir/Src/main.c.obj
 .text.delay_us
                0x08000e8c       0x2a CMakeFiles/Interupt_test.dir/Src/main.c.obj
 *fill*         0x08000eb6        0x2 
 .text.get_random_delay_ms
                0x08000eb8       0x60 CMakeFiles/Interupt_test.dir/Src/main.c.obj
 .text.countdown_led_on
                0x08000f18       0x24 CMakeFiles/Interupt_test.dir/Src/main.c.obj
 .text.countdown_led_off
                0x08000f3c       0x28 CMakeFiles/Interupt_test.dir/Src/main.c.obj
 .text.countdown_leds_off
                0x08000f64       0x1a CMakeFiles/Interupt_test.dir/Src/main.c.obj
 *fill*         0x08000f7e        0x2 
 .text.go_led_on
                0x08000f80       0x18 CMakeFiles/Interupt_test.dir/Src/main.c.obj
 .text.go_led_off
                0x08000f98       0x18 CMakeFiles/Interupt_test.dir/Src/main.c.obj
 .text.buzzer_on
                0x08000fb0       0x18 CMakeFiles/Interupt_test.dir/Src/main.c.obj
 .text.buzzer_off
                0x08000fc8       0x18 CMakeFiles/Interupt_test.dir/Src/main.c.obj
 .text.play_tone
                0x08000fe0       0x70 CMakeFiles/Interupt_test.dir/Src/main.c.obj
 .text.play_success_song
                0x08001050       0x3c CMakeFiles/Interupt_test.dir/Src/main.c.obj
 .text.play_fail_sound
                0x0800108c       0x4c CMakeFiles/Interupt_test.dir/Src/main.c.obj
 .text.all_leds_on
                0x080010d8       0x1e CMakeFiles/Interupt_test.dir/Src/main.c.obj
 .text.all_leds_off
                0x080010f6       0x14 CMakeFiles/Interupt_test.dir/Src/main.c.obj
 .text.success_animation
                0x0800110a       0x5e CMakeFiles/Interupt_test.dir/Src/main.c.obj
 .text.fail_animation
                0x08001168       0x18 CMakeFiles/Interupt_test.dir/Src/main.c.obj
 .text.SysTick_Handler
                0x08001180       0x1c CMakeFiles/Interupt_test.dir/Src/main.c.obj
                0x08001180                SysTick_Handler
 .text.EXTI15_10_IRQHandler
                0x0800119c       0xa4 CMakeFiles/Interupt_test.dir/Src/main.c.obj
                0x0800119c                EXTI15_10_IRQHandler
 .text.Reset_Handler
                0x08001240       0x50 CMakeFiles/Interupt_test.dir/Src/startup_stm32f103xx.S.obj
                0x08001240                Reset_Handler
 .text.Default_Handler
                0x08001290        0x2 CMakeFiles/Interupt_test.dir/Src/startup_stm32f103xx.S.obj
                0x08001290                EXTI2_IRQHandler
                0x08001290                TIM8_TRG_COM_IRQHandler
                0x08001290                TIM8_CC_IRQHandler
                0x08001290                DebugMon_Handler
                0x08001290                TIM1_CC_IRQHandler
                0x08001290                HardFault_Handler
                0x08001290                TIM6_IRQHandler
                0x08001290                PVD_IRQHandler
                0x08001290                SDIO_IRQHandler
                0x08001290                PendSV_Handler
                0x08001290                NMI_Handler
                0x08001290                EXTI3_IRQHandler
                0x08001290                USB_HP_CAN_TX_IRQHandler
                0x08001290                EXTI0_IRQHandler
                0x08001290                I2C2_EV_IRQHandler
                0x08001290                UsageFault_Handler
                0x08001290                ADC1_2_IRQHandler
                0x08001290                SPI1_IRQHandler
                0x08001290                CAN_SCE_IRQHandler
                0x08001290                TAMPER_IRQHandler
                0x08001290                TIM8_UP_IRQHandler
                0x08001290                DMA2_Channel2_IRQHandler
                0x08001290                DMA1_Channel4_IRQHandler
                0x08001290                USART3_IRQHandler
                0x08001290                RTC_IRQHandler
                0x08001290                DMA1_Channel7_IRQHandler
                0x08001290                UART5_IRQHandler
                0x08001290                ADC3_IRQHandler
                0x08001290                TIM4_IRQHandler
                0x08001290                CAN_RX1_IRQHandler
                0x08001290                DMA2_Channel1_IRQHandler
                0x08001290                I2C1_EV_IRQHandler
                0x08001290                DMA1_Channel6_IRQHandler
                0x08001290                UART4_IRQHandler
                0x08001290                TIM3_IRQHandler
                0x08001290                RCC_IRQHandler
                0x08001290                TIM1_TRG_COM_IRQHandler
                0x08001290                DMA1_Channel1_IRQHandler
                0x08001290                Default_Handler
                0x08001290                TIM7_IRQHandler
                0x08001290                TIM5_IRQHandler
                0x08001290                EXTI9_5_IRQHandler
                0x08001290                SPI2_IRQHandler
                0x08001290                USB_LP_CAN_RX0_IRQHandler
                0x08001290                MemManage_Handler
                0x08001290                SVC_Handler
                0x08001290                DMA1_Channel5_IRQHandler
                0x08001290                EXTI4_IRQHandler
                0x08001290                DMA1_Channel3_IRQHandler
                0x08001290                FSMC_IRQHandler
                0x08001290                TIM1_UP_IRQHandler
                0x08001290                WWDG_IRQHandler
                0x08001290                TIM2_IRQHandler
                0x08001290                TIM1_BRK_IRQHandler
                0x08001290                EXTI1_IRQHandler
                0x08001290                RTCAlarm_IRQHandler
                0x08001290                DMA2_Channel4_5_IRQHandler
                0x08001290                USART2_IRQHandler
                0x08001290                I2C2_ER_IRQHandler
                0x08001290                DMA1_Channel2_IRQHandler
                0x08001290                TIM8_BRK_IRQHandler
                0x08001290                FLASH_IRQHandler
                0x08001290                BusFault_Handler
                0x08001290                USART1_IRQHandler
                0x08001290                SPI3_IRQHandler
                0x08001290                I2C1_ER_IRQHandler
                0x08001290                DMA2_Channel3_IRQHandler
 *(.glue_7)
 .glue_7        0x08001292        0x0 linker stubs
 *(.glue_7t)
 .glue_7t       0x08001292        0x0 linker stubs
 *(.eh_frame)
 *fill*         0x08001292        0x2 
 .eh_frame      0x08001294        0x0 C:/Users/user/AppData/Local/stm32cube/bundles/gnu-tools-for-stm32/14.3.1+st.2/bin/../lib/gcc/arm-none-eabi/14.3.1/thumb/v7-m/nofp/crtbegin.o
 *(.init)
 .init          0x08001294        0x4 C:/Users/user/AppData/Local/stm32cube/bundles/gnu-tools-for-stm32/14.3.1+st.2/bin/../lib/gcc/arm-none-eabi/14.3.1/thumb/v7-m/nofp/crti.o
                0x08001294                _init
 .init          0x08001298        0x8 C:/Users/user/AppData/Local/stm32cube/bundles/gnu-tools-for-stm32/14.3.1+st.2/bin/../lib/gcc/arm-none-eabi/14.3.1/thumb/v7-m/nofp/crtn.o
 *(.fini)
 .fini          0x080012a0        0x4 C:/Users/user/AppData/Local/stm32cube/bundles/gnu-tools-for-stm32/14.3.1+st.2/bin/../lib/gcc/arm-none-eabi/14.3.1/thumb/v7-m/nofp/crti.o
                0x080012a0                _fini
 .fini          0x080012a4        0x8 C:/Users/user/AppData/Local/stm32cube/bundles/gnu-tools-for-stm32/14.3.1+st.2/bin/../lib/gcc/arm-none-eabi/14.3.1/thumb/v7-m/nofp/crtn.o
                0x080012ac                        . = ALIGN (0x4)
                0x080012ac                        _etext = .

.vfp11_veneer   0x080012ac        0x0
 .vfp11_veneer  0x080012ac        0x0 linker stubs

.v4_bx          0x080012ac        0x0
 .v4_bx         0x080012ac        0x0 linker stubs

.iplt           0x080012ac        0x0
 .iplt          0x080012ac        0x0 C:/Users/user/AppData/Local/stm32cube/bundles/gnu-tools-for-stm32/14.3.1+st.2/bin/../lib/gcc/arm-none-eabi/14.3.1/thumb/v7-m/nofp/crtbegin.o

.rodata         0x080012ac      0x124
                0x080012ac                        . = ALIGN (0x4)
 *(.rodata)
 .rodata        0x080012ac       0x93 CMakeFiles/Interupt_test.dir/Src/main.c.obj
 *(.rodata*)
 *fill*         0x0800133f        0x1 
 .rodata.g.15   0x08001340        0x7 CMakeFiles/Interupt_test.dir/Src/main.c.obj
 *fill*         0x08001347        0x1 
 .rodata.o.14   0x08001348        0x7 CMakeFiles/Interupt_test.dir/Src/main.c.obj
 *fill*         0x0800134f        0x1 
 .rodata.bang.13
                0x08001350        0x7 CMakeFiles/Interupt_test.dir/Src/main.c.obj
 *fill*         0x08001357        0x1 
 .rodata.e.12   0x08001358        0x7 CMakeFiles/Interupt_test.dir/Src/main.c.obj
 *fill*         0x0800135f        0x1 
 .rodata.r.11   0x08001360        0x7 CMakeFiles/Interupt_test.dir/Src/main.c.obj
 *fill*         0x08001367        0x1 
 .rodata.a.10   0x08001368        0x7 CMakeFiles/Interupt_test.dir/Src/main.c.obj
 *fill*         0x0800136f        0x1 
 .rodata.d.9    0x08001370        0x7 CMakeFiles/Interupt_test.dir/Src/main.c.obj
 *fill*         0x08001377        0x1 
 .rodata.y_glyph.8
                0x08001378        0x7 CMakeFiles/Interupt_test.dir/Src/main.c.obj
 *fill*         0x0800137f        0x1 
 .rodata.s.7    0x08001380        0x7 CMakeFiles/Interupt_test.dir/Src/main.c.obj
 *fill*         0x08001387        0x1 
 .rodata.u.6    0x08001388        0x7 CMakeFiles/Interupt_test.dir/Src/main.c.obj
 *fill*         0x0800138f        0x1 
 .rodata.c.5    0x08001390        0x7 CMakeFiles/Interupt_test.dir/Src/main.c.obj
 *fill*         0x08001397        0x1 
 .rodata.f.4    0x08001398        0x7 CMakeFiles/Interupt_test.dir/Src/main.c.obj
 *fill*         0x0800139f        0x1 
 .rodata.i.3    0x080013a0        0x7 CMakeFiles/Interupt_test.dir/Src/main.c.obj
 *fill*         0x080013a7        0x1 
 .rodata.l.2    0x080013a8        0x7 CMakeFiles/Interupt_test.dir/Src/main.c.obj
 *fill*         0x080013af        0x1 
 .rodata.song.0
                0x080013b0       0x20 CMakeFiles/Interupt_test.dir/Src/main.c.obj
                0x080013d0                        . = ALIGN (0x4)

.ARM.extab      0x080013d0        0x0
                0x080013d0                        . = ALIGN (0x4)
 *(.ARM.extab* .gnu.linkonce.armextab.*)
                0x080013d0                        . = ALIGN (0x4)

.ARM            0x080013d0        0x0
                0x080013d0                        . = ALIGN (0x4)
                0x080013d0                        __exidx_start = .
 *(.ARM.exidx*)
                0x080013d0                        __exidx_end = .
                0x080013d0                        . = ALIGN (0x4)

.preinit_array  0x080013d0        0x0
                0x080013d0                        . = ALIGN (0x4)
                0x080013d0                        PROVIDE (__preinit_array_start = .)
 *(.preinit_array*)
                0x080013d0                        PROVIDE (__preinit_array_end = .)
                0x080013d0                        . = ALIGN (0x4)

.init_array     0x080013d0        0x8
                0x080013d0                        . = ALIGN (0x4)
                0x080013d0                        PROVIDE (__init_array_start = .)
 *(SORT_BY_NAME(.init_array.*))
 .init_array.00000
                0x080013d0        0x4 C:/Users/user/AppData/Local/stm32cube/bundles/gnu-tools-for-stm32/14.3.1+st.2/bin/../lib/gcc/arm-none-eabi/14.3.1/../../../../arm-none-eabi/lib/thumb/v7-m/nofp\libc.a(libc_a-__call_atexit.o)
 *(.init_array*)
 .init_array    0x080013d4        0x4 C:/Users/user/AppData/Local/stm32cube/bundles/gnu-tools-for-stm32/14.3.1+st.2/bin/../lib/gcc/arm-none-eabi/14.3.1/thumb/v7-m/nofp/crtbegin.o
                0x080013d8                        PROVIDE (__init_array_end = .)
                0x080013d8                        . = ALIGN (0x4)

.fini_array     0x080013d8        0x4
                0x080013d8                        . = ALIGN (0x4)
                0x080013d8                        PROVIDE (__fini_array_start = .)
 *(SORT_BY_NAME(.fini_array.*))
 *(.fini_array*)
 .fini_array    0x080013d8        0x4 C:/Users/user/AppData/Local/stm32cube/bundles/gnu-tools-for-stm32/14.3.1+st.2/bin/../lib/gcc/arm-none-eabi/14.3.1/thumb/v7-m/nofp/crtbegin.o
                0x080013dc                        PROVIDE (__fini_array_end = .)
                0x080013dc                        . = ALIGN (0x4)
                0x080013dc                        _sidata = LOADADDR (.data)

.rel.dyn        0x080013dc        0x0
 .rel.iplt      0x080013dc        0x0 C:/Users/user/AppData/Local/stm32cube/bundles/gnu-tools-for-stm32/14.3.1+st.2/bin/../lib/gcc/arm-none-eabi/14.3.1/thumb/v7-m/nofp/crtbegin.o

.data           0x20000000        0x8 load address 0x080013dc
                0x20000000                        _sdata = .
 *(.data)
 *(.data*)
 .data.__atexit_recursive_mutex
                0x20000000        0x4 C:/Users/user/AppData/Local/stm32cube/bundles/gnu-tools-for-stm32/14.3.1+st.2/bin/../lib/gcc/arm-none-eabi/14.3.1/../../../../arm-none-eabi/lib/thumb/v7-m/nofp\libc.a(libc_a-__call_atexit.o)
                0x20000000                __atexit_recursive_mutex
 .data.seed.1   0x20000004        0x4 CMakeFiles/Interupt_test.dir/Src/main.c.obj
 *(.RamFunc)
 *(.RamFunc*)
                0x20000008                        . = ALIGN (0x4)

.igot.plt       0x20000008        0x0 load address 0x080013e4
 .igot.plt      0x20000008        0x0 C:/Users/user/AppData/Local/stm32cube/bundles/gnu-tools-for-stm32/14.3.1+st.2/bin/../lib/gcc/arm-none-eabi/14.3.1/thumb/v7-m/nofp/crtbegin.o

.tdata          0x20000008        0x0 load address 0x080013e4
 *(.tdata .tdata.* .gnu.linkonce.td.*)
                0x20000008                        . = ALIGN (0x4)
                0x20000008                        _edata = .
                [!provide]                        PROVIDE (__data_end = .)
                [!provide]                        PROVIDE (__tdata_end = .)
                [!provide]                        PROVIDE (__tdata_start = ADDR (.tdata))
                [!provide]                        PROVIDE (__tdata_size = (__tdata_end - __tdata_start))
                [!provide]                        PROVIDE (__data_start = ADDR (.data))
                [!provide]                        PROVIDE (__data_size = (__data_end - __data_start))
                [!provide]                        PROVIDE (__tdata_source = LOADADDR (.tdata))
                [!provide]                        PROVIDE (__tdata_source_end = (LOADADDR (.tdata) + SIZEOF (.tdata)))
                [!provide]                        PROVIDE (__tdata_source_size = (__tdata_source_end - __tdata_source))
                [!provide]                        PROVIDE (__data_source = LOADADDR (.data))
                [!provide]                        PROVIDE (__data_source_end = __tdata_source_end)
                [!provide]                        PROVIDE (__data_source_size = (__data_source_end - __data_source))

.tbss           0x20000008        0x0 load address 0x080013e4
                0x20000008                        _sbss = .
                0x20000008                        __bss_start__ = _sbss
                [!provide]                        PROVIDE (__bss_start = .)
 *(.tbss .tbss.*)
                0x20000008                        . = ALIGN (0x4)
                [!provide]                        PROVIDE (__tbss_end = .)
                [!provide]                        PROVIDE (__tbss_start = ADDR (.tbss))
                [!provide]                        PROVIDE (__tbss_size = (__tbss_end - __tbss_start))
                [!provide]                        PROVIDE (__tbss_offset = (ADDR (.tbss) - ADDR (.tdata)))
                [!provide]                        PROVIDE (__tls_base = __tdata_start)
                [!provide]                        PROVIDE (__tls_end = __tbss_end)
                [!provide]                        PROVIDE (__tls_size = (__tls_end - __tls_base))
                [!provide]                        PROVIDE (__tls_align = MAX (ALIGNOF (.tdata), ALIGNOF (.tbss)))
                [!provide]                        PROVIDE (__tls_size_align = (((__tls_size + __tls_align) - 0x1) & ~ ((__tls_align - 0x1))))
                [!provide]                        PROVIDE (__arm32_tls_tcb_offset = MAX (0x8, __tls_align))
                [!provide]                        PROVIDE (__arm64_tls_tcb_offset = MAX (0x10, __tls_align))

.bss            0x20000008      0x1c8 load address 0x080013e4
 *(.bss)
 .bss           0x20000008       0x1c C:/Users/user/AppData/Local/stm32cube/bundles/gnu-tools-for-stm32/14.3.1+st.2/bin/../lib/gcc/arm-none-eabi/14.3.1/thumb/v7-m/nofp/crtbegin.o
 *(.bss*)
 .bss.__lock___atexit_recursive_mutex
                0x20000024        0x1 C:/Users/user/AppData/Local/stm32cube/bundles/gnu-tools-for-stm32/14.3.1+st.2/bin/../lib/gcc/arm-none-eabi/14.3.1/../../../../arm-none-eabi/lib/thumb/v7-m/nofp\libc.a(libc_a-lock.o)
                0x20000024                __lock___atexit_recursive_mutex
 *fill*         0x20000025        0x3 
 .bss.__atexit  0x20000028        0x4 C:/Users/user/AppData/Local/stm32cube/bundles/gnu-tools-for-stm32/14.3.1+st.2/bin/../lib/gcc/arm-none-eabi/14.3.1/../../../../arm-none-eabi/lib/thumb/v7-m/nofp\libc.a(libc_a-__call_atexit.o)
                0x20000028                __atexit
 .bss.__atexit0
                0x2000002c      0x190 C:/Users/user/AppData/Local/stm32cube/bundles/gnu-tools-for-stm32/14.3.1+st.2/bin/../lib/gcc/arm-none-eabi/14.3.1/../../../../arm-none-eabi/lib/thumb/v7-m/nofp\libc.a(libc_a-__atexit.o)
                0x2000002c                __atexit0
 .bss.system_ms
                0x200001bc        0x4 CMakeFiles/Interupt_test.dir/Src/main.c.obj
 .bss.last_button_ms
                0x200001c0        0x4 CMakeFiles/Interupt_test.dir/Src/main.c.obj
 .bss.game_state
                0x200001c4        0x1 CMakeFiles/Interupt_test.dir/Src/main.c.obj
 .bss.start_requested
                0x200001c5        0x1 CMakeFiles/Interupt_test.dir/Src/main.c.obj
 .bss.too_early
                0x200001c6        0x1 CMakeFiles/Interupt_test.dir/Src/main.c.obj
 .bss.reaction_done
                0x200001c7        0x1 CMakeFiles/Interupt_test.dir/Src/main.c.obj
 .bss.led_on_time_ms
                0x200001c8        0x4 CMakeFiles/Interupt_test.dir/Src/main.c.obj
 .bss.reaction_time_ms
                0x200001cc        0x4 CMakeFiles/Interupt_test.dir/Src/main.c.obj
 *(COMMON)
                0x200001d0                        . = ALIGN (0x4)
                0x200001d0                        _ebss = .
                0x200001d0                        __bss_end__ = _ebss
                [!provide]                        PROVIDE (__bss_end = .)
                [!provide]                        PROVIDE (__bss_size = (__bss_end - __bss_start))
                [!provide]                        PROVIDE (__non_tls_bss_start = ADDR (.bss))

._user_heap_stack
                0x200001d0      0x600 load address 0x080013e4
                0x200001d0                        . = ALIGN (0x8)
                [!provide]                        PROVIDE (end = .)
                0x200001d0                        PROVIDE (_end = .)
                0x200003d0                        . = (. + _Min_Heap_Size)
 *fill*         0x200001d0      0x200 
                0x200007d0                        . = (. + _Min_Stack_Size)
 *fill*         0x200003d0      0x400 
                0x200007d0                        . = ALIGN (0x8)

/DISCARD/
 libc.a:*(*)
 libm.a:*(*)
 libgcc.a:*(*)

.ARM.attributes
                0x00000000       0x29
 *(.ARM.attributes)
 .ARM.attributes
                0x00000000       0x1d C:/Users/user/AppData/Local/stm32cube/bundles/gnu-tools-for-stm32/14.3.1+st.2/bin/../lib/gcc/arm-none-eabi/14.3.1/thumb/v7-m/nofp/crti.o
 .ARM.attributes
                0x0000001d       0x2d C:/Users/user/AppData/Local/stm32cube/bundles/gnu-tools-for-stm32/14.3.1+st.2/bin/../lib/gcc/arm-none-eabi/14.3.1/thumb/v7-m/nofp/crtbegin.o
 .ARM.attributes
                0x0000004a       0x2d C:/Users/user/AppData/Local/stm32cube/bundles/gnu-tools-for-stm32/14.3.1+st.2/bin/../lib/gcc/arm-none-eabi/14.3.1/../../../../arm-none-eabi/lib/thumb/v7-m/nofp\libc.a(libc_a-init.o)
 .ARM.attributes
                0x00000077       0x2d C:/Users/user/AppData/Local/stm32cube/bundles/gnu-tools-for-stm32/14.3.1+st.2/bin/../lib/gcc/arm-none-eabi/14.3.1/../../../../arm-none-eabi/lib/thumb/v7-m/nofp\libc.a(libc_a-lock.o)
 .ARM.attributes
                0x000000a4       0x2d C:/Users/user/AppData/Local/stm32cube/bundles/gnu-tools-for-stm32/14.3.1+st.2/bin/../lib/gcc/arm-none-eabi/14.3.1/../../../../arm-none-eabi/lib/thumb/v7-m/nofp\libc.a(libc_a-__call_atexit.o)
 .ARM.attributes
                0x000000d1       0x2d C:/Users/user/AppData/Local/stm32cube/bundles/gnu-tools-for-stm32/14.3.1+st.2/bin/../lib/gcc/arm-none-eabi/14.3.1/../../../../arm-none-eabi/lib/thumb/v7-m/nofp\libc.a(libc_a-atexit.o)
 .ARM.attributes
                0x000000fe       0x2d C:/Users/user/AppData/Local/stm32cube/bundles/gnu-tools-for-stm32/14.3.1+st.2/bin/../lib/gcc/arm-none-eabi/14.3.1/../../../../arm-none-eabi/lib/thumb/v7-m/nofp\libc.a(libc_a-fini.o)
 .ARM.attributes
                0x0000012b       0x2d C:/Users/user/AppData/Local/stm32cube/bundles/gnu-tools-for-stm32/14.3.1+st.2/bin/../lib/gcc/arm-none-eabi/14.3.1/../../../../arm-none-eabi/lib/thumb/v7-m/nofp\libc.a(libc_a-__atexit.o)
 .ARM.attributes
                0x00000158       0x2d CMakeFiles/Interupt_test.dir/Src/main.c.obj
 .ARM.attributes
                0x00000185       0x21 CMakeFiles/Interupt_test.dir/Src/startup_stm32f103xx.S.obj
 .ARM.attributes
                0x000001a6       0x1d C:/Users/user/AppData/Local/stm32cube/bundles/gnu-tools-for-stm32/14.3.1+st.2/bin/../lib/gcc/arm-none-eabi/14.3.1/thumb/v7-m/nofp/crtn.o
OUTPUT(Interupt_test.elf elf32-littlearm)
LOAD linker stubs

.debug_frame    0x00000000      0x844
 .debug_frame   0x00000000       0x2c C:/Users/user/AppData/Local/stm32cube/bundles/gnu-tools-for-stm32/14.3.1+st.2/bin/../lib/gcc/arm-none-eabi/14.3.1/../../../../arm-none-eabi/lib/thumb/v7-m/nofp\libc.a(libc_a-init.o)
 .debug_frame   0x0000002c       0xb0 C:/Users/user/AppData/Local/stm32cube/bundles/gnu-tools-for-stm32/14.3.1+st.2/bin/../lib/gcc/arm-none-eabi/14.3.1/../../../../arm-none-eabi/lib/thumb/v7-m/nofp\libc.a(libc_a-lock.o)
 .debug_frame   0x000000dc       0x5c C:/Users/user/AppData/Local/stm32cube/bundles/gnu-tools-for-stm32/14.3.1+st.2/bin/../lib/gcc/arm-none-eabi/14.3.1/../../../../arm-none-eabi/lib/thumb/v7-m/nofp\libc.a(libc_a-__call_atexit.o)
 .debug_frame   0x00000138       0x20 C:/Users/user/AppData/Local/stm32cube/bundles/gnu-tools-for-stm32/14.3.1+st.2/bin/../lib/gcc/arm-none-eabi/14.3.1/../../../../arm-none-eabi/lib/thumb/v7-m/nofp\libc.a(libc_a-atexit.o)
 .debug_frame   0x00000158       0x34 C:/Users/user/AppData/Local/stm32cube/bundles/gnu-tools-for-stm32/14.3.1+st.2/bin/../lib/gcc/arm-none-eabi/14.3.1/../../../../arm-none-eabi/lib/thumb/v7-m/nofp\libc.a(libc_a-fini.o)
 .debug_frame   0x0000018c       0x34 C:/Users/user/AppData/Local/stm32cube/bundles/gnu-tools-for-stm32/14.3.1+st.2/bin/../lib/gcc/arm-none-eabi/14.3.1/../../../../arm-none-eabi/lib/thumb/v7-m/nofp\libc.a(libc_a-__atexit.o)
 .debug_frame   0x000001c0      0x684 CMakeFiles/Interupt_test.dir/Src/main.c.obj

.debug_info     0x00000000      0xc4c
 .debug_info    0x00000000      0xc1c CMakeFiles/Interupt_test.dir/Src/main.c.obj
 .debug_info    0x00000c1c       0x30 CMakeFiles/Interupt_test.dir/Src/startup_stm32f103xx.S.obj

.debug_abbrev   0x00000000      0x245
 .debug_abbrev  0x00000000      0x221 CMakeFiles/Interupt_test.dir/Src/main.c.obj
 .debug_abbrev  0x00000221       0x24 CMakeFiles/Interupt_test.dir/Src/startup_stm32f103xx.S.obj

.debug_aranges  0x00000000      0x1d8
 .debug_aranges
                0x00000000      0x1b0 CMakeFiles/Interupt_test.dir/Src/main.c.obj
 .debug_aranges
                0x000001b0       0x28 CMakeFiles/Interupt_test.dir/Src/startup_stm32f103xx.S.obj

.debug_rnglists
                0x00000000      0x160
 .debug_rnglists
                0x00000000      0x147 CMakeFiles/Interupt_test.dir/Src/main.c.obj
 .debug_rnglists
                0x00000147       0x19 CMakeFiles/Interupt_test.dir/Src/startup_stm32f103xx.S.obj

.debug_macro    0x00000000     0x10e4
 .debug_macro   0x00000000      0x1d1 CMakeFiles/Interupt_test.dir/Src/main.c.obj
 .debug_macro   0x000001d1      0xac6 CMakeFiles/Interupt_test.dir/Src/main.c.obj
 .debug_macro   0x00000c97       0x22 CMakeFiles/Interupt_test.dir/Src/main.c.obj
 .debug_macro   0x00000cb9       0x8e CMakeFiles/Interupt_test.dir/Src/main.c.obj
 .debug_macro   0x00000d47       0x51 CMakeFiles/Interupt_test.dir/Src/main.c.obj
 .debug_macro   0x00000d98      0x103 CMakeFiles/Interupt_test.dir/Src/main.c.obj
 .debug_macro   0x00000e9b       0x6a CMakeFiles/Interupt_test.dir/Src/main.c.obj
 .debug_macro   0x00000f05      0x1df CMakeFiles/Interupt_test.dir/Src/main.c.obj

.debug_line     0x00000000      0xd34
 .debug_line    0x00000000      0xcb9 CMakeFiles/Interupt_test.dir/Src/main.c.obj
 .debug_line    0x00000cb9       0x7b CMakeFiles/Interupt_test.dir/Src/startup_stm32f103xx.S.obj

.debug_str      0x00000000     0x496c
 .debug_str     0x00000000     0x496c CMakeFiles/Interupt_test.dir/Src/main.c.obj
                               0x4adf (size before relaxing)
 .debug_str     0x0000496c       0x8f CMakeFiles/Interupt_test.dir/Src/startup_stm32f103xx.S.obj

.comment        0x00000000       0x43
 .comment       0x00000000       0x43 CMakeFiles/Interupt_test.dir/Src/main.c.obj
                                 0x44 (size before relaxing)

.debug_line_str
                0x00000000       0x73
 .debug_line_str
                0x00000000       0x73 CMakeFiles/Interupt_test.dir/Src/startup_stm32f103xx.S.obj
